2025-12-22 15:05:07,182 - src.server.server - INFO - ================================================================================
2025-12-22 15:05:07,184 - src.server.server - INFO - Starting Unified Server
2025-12-22 15:05:07,185 - src.server.server - INFO - ================================================================================
2025-12-22 15:05:07,186 - src.server.server - INFO - TLS enabled - Using certificate: src/server.crt
2025-12-22 15:05:07,187 - src.server.server - INFO - Starting Main Server at 0.0.0.0:5000
2025-12-22 15:05:07,221 - src.server.server - INFO - Main Server started successfully
2025-12-22 15:05:07,222 - src.server.server - INFO - Starting Auth Server in separate thread
2025-12-22 15:05:07,226 - src.server.server - INFO - Auth Server thread started
2025-12-22 15:05:07,232 - src.server.server - INFO - Server is running. Press Ctrl+C to stop.
2025-12-22 15:09:41,800 - src.server.server - INFO - 
================================================================================
2025-12-22 15:09:41,801 - src.server.server - INFO - Shutdown signal received
2025-12-22 15:09:41,801 - src.server.server - INFO - ================================================================================
2025-12-22 15:09:41,802 - src.server.server - INFO - Stopping Main Server...
2025-12-22 15:09:41,804 - src.server.server - INFO - Main Server stopped
2025-12-22 15:09:41,804 - src.server.server - INFO - Server shutdown complete
2025-12-22 15:12:12,467 - src.server.server - INFO - ================================================================================
2025-12-22 15:12:12,468 - src.server.server - INFO - Starting Unified Server
2025-12-22 15:12:12,468 - src.server.server - INFO - ================================================================================
2025-12-22 15:12:12,469 - src.server.server - INFO - TLS enabled - Using certificate: src/server.crt
2025-12-22 15:12:12,469 - src.server.server - INFO - Starting Main Server at 0.0.0.0:5000
2025-12-22 15:12:12,473 - src.server.server - INFO - Main Server started successfully
2025-12-22 15:12:12,473 - src.server.server - INFO - Starting Auth Server in separate thread
2025-12-22 15:12:12,474 - src.server.server - INFO - Auth Server thread started
2025-12-22 15:12:12,475 - src.server.server - INFO - Server is running. Press Ctrl+C to stop.
2025-12-22 15:16:13,237 - src.server.server - INFO - 
================================================================================
2025-12-22 15:16:13,239 - src.server.server - INFO - Shutdown signal received
2025-12-22 15:16:13,241 - src.server.server - INFO - ================================================================================
2025-12-22 15:16:13,242 - src.server.server - INFO - Stopping Main Server...
2025-12-22 15:16:13,253 - src.server.server - INFO - Main Server stopped
2025-12-22 15:16:13,254 - src.server.server - INFO - Server shutdown complete
2025-12-22 15:16:24,699 - src.server.server - INFO - ================================================================================
2025-12-22 15:16:24,700 - src.server.server - INFO - Starting Unified Server
2025-12-22 15:16:24,700 - src.server.server - INFO - ================================================================================
2025-12-22 15:16:24,701 - src.server.server - INFO - TLS enabled - Using certificate: src/server.crt
2025-12-22 15:16:24,702 - src.server.server - INFO - Starting Main Server at 0.0.0.0:5000
2025-12-22 15:16:24,706 - src.server.server - INFO - Main Server started successfully
2025-12-22 15:16:24,706 - src.server.server - INFO - Starting Auth Server in separate thread
2025-12-22 15:16:24,707 - src.server.server - INFO - Auth Server thread started
2025-12-22 15:16:24,708 - src.server.server - INFO - Server is running. Press Ctrl+C to stop.
2025-12-22 15:28:28,706 - src.server.server - INFO - 
================================================================================
2025-12-22 15:28:28,707 - src.server.server - INFO - Shutdown signal received
2025-12-22 15:28:28,708 - src.server.server - INFO - ================================================================================
2025-12-22 15:28:28,708 - src.server.server - INFO - Stopping Main Server...
2025-12-22 15:28:28,710 - src.server.server - INFO - Main Server stopped
2025-12-22 15:28:28,711 - src.server.server - INFO - Server shutdown complete
2025-12-22 15:28:33,044 - src.server.server - INFO - ================================================================================
2025-12-22 15:28:33,045 - src.server.server - INFO - Starting Unified Server
2025-12-22 15:28:33,045 - src.server.server - INFO - ================================================================================
2025-12-22 15:28:33,046 - src.server.server - INFO - TLS enabled - Using certificate: src/server.crt
2025-12-22 15:28:33,047 - src.server.server - INFO - Starting Main Server at 0.0.0.0:5000
2025-12-22 15:28:33,052 - src.server.server - INFO - Main Server started successfully
2025-12-22 15:28:33,053 - src.server.server - INFO - Starting Auth Server in separate thread
2025-12-22 15:28:33,054 - src.server.server - INFO - Auth Server thread started
2025-12-22 15:28:33,055 - src.server.server - INFO - Server is running. Press Ctrl+C to stop.
